---
source: crates/codegen/tests/evm.rs
expression: "String::from_utf8(out).unwrap()"
input_file: test_files/evm/fe_enum_state_machine_test_order_initial_state_unoptimized.sntn
---
evm.config: stack_reach=16 vcode=true bytecode_hex=false stackify_trace=false evm_trace=false emit_observability=false opt=2

object: Contract
  section runtime: 1017 bytes
  total: 1017 bytes

object: Order
  section init: 483 bytes
  section runtime: 469 bytes
  total: 952 bytes

functions:
  test_order_initial_state__StorPtr_Evm___207f35a85ac4062e: ir_blocks=13 ir_insts=73 vcode_ops=243 fixups=30 imm_bytes=31
    mem: scratch_words=0 stable_words=5 stable_mode=StaticAbs(base=0xa0) entry_abs_words=0 abs_words_end=5
  __Order_init: ir_blocks=1 ir_insts=5 vcode_ops=11 fixups=2 imm_bytes=2
    mem: scratch_words=0 stable_words=0 stable_mode=None entry_abs_words=0 abs_words_end=0
  __Order_runtime: ir_blocks=29 ir_insts=53 vcode_ops=220 fixups=35 imm_bytes=27
    mem: scratch_words=0 stable_words=0 stable_mode=None entry_abs_words=0 abs_words_end=0
  assert: ir_blocks=3 ir_insts=3 vcode_ops=9 fixups=1 imm_bytes=0
    mem: scratch_words=0 stable_words=0 stable_mode=None entry_abs_words=5 abs_words_end=0
  return_value__Evm_hef0af3106e109414_Sol_hfd482bb803ad8c5f_u256__c4b26908c66ef75f: ir_blocks=3 ir_insts=18 vcode_ops=50 fixups=5 imm_bytes=6
    mem: scratch_words=0 stable_words=5 stable_mode=StaticAbs(base=0xa0) entry_abs_words=0 abs_words_end=5
  decode_returndata__u256__3271ca15373d4483: ir_blocks=5 ir_insts=8 vcode_ops=24 fixups=2 imm_bytes=2
    mem: scratch_words=0 stable_words=0 stable_mode=None entry_abs_words=5 abs_words_end=0
  solencoder_h1b9228b90dad6928_abiencoder_hffd58d20d4321024_reserve_head: ir_blocks=6 ir_insts=19 vcode_ops=67 fixups=4 imm_bytes=8
    mem: scratch_words=0 stable_words=0 stable_mode=None entry_abs_words=5 abs_words_end=0
  solencoder_h1b9228b90dad6928_abiencoder_hffd58d20d4321024_finish: ir_blocks=3 ir_insts=13 vcode_ops=28 fixups=1 imm_bytes=2
    mem: scratch_words=0 stable_words=0 stable_mode=None entry_abs_words=5 abs_words_end=0
  entry: ir_blocks=1 ir_insts=3 vcode_ops=10 fixups=2 imm_bytes=2
    mem: scratch_words=0 stable_words=0 stable_mode=None entry_abs_words=0 abs_words_end=0

evm:
  case ok: calldata_len=0 success reason=Return gas_used=172426 gas_refunded=0 logs=0 output=call len=32 tx_gas=21000 runtime_gas=151426


--------------- DEBUG ---------------

// func private %test_order_initial_state__StorPtr_Evm___207f35a85ac4062e()
test_order_initial_state__StorPtr_Evm___207f35a85ac4062e:
  block0:
    JUMPDEST
    PUSH1 0x40 (64)  // v76.i256 = mload 64.i32 i256;
    MLOAD
    PUSH0 0x0 (0)  // v8.i256 = sym_size &__Order_init;
    PUSH0 0x0 (0)  // v9.i256 = sym_addr &__Order_init;
    DUP2  // v12.*i256 = evm_malloc v8;
    POP
    PUSH1 0x40 (64)
    MLOAD
    PUSH2 0x13f (319)
    DUP2
    GT
    PUSH1 `pc + (4)`
    JUMPI
    POP
    PUSH2 0x140 (320)
    JUMPDEST
    DUP3  // evm_code_copy v13 v9 v8;
    SWAP1
    SWAP2
    DUP3
    CODECOPY
    DUP2  // v69.i256 = add v13 v8;
    DUP2
    ADD
    DUP2  // v70.i1 = lt v69 v13;
    SWAP1
    LT
    PUSH1 section_unit0  // br v70 block5 block8;
    JUMPI
  block8:
    JUMPDEST
    PUSH0  // v18.i256 = evm_create2 0.i256 v13 v8 0.i256;
    SWAP2
    SWAP1
    PUSH0
    CREATE2
    PUSH0  // v19.i1 = eq v18 0.i256;
    DUP2
    EQ
    PUSH1 block3  // br v19 block3 block1;
    JUMPI
  block1:
    PUSH1 0x1 (1)  // call %assert 1.i1;
    PUSH0
    SIGNEXTEND
    PUSH1 `pc + (4)`
    SWAP1
    PUSH1 FuncRef(11)
    JUMP
    JUMPDEST
    PUSH1 0xa0 (160)  // v30.*@__fe_obj_SolEncoder_1 = alloca @__fe_obj_SolEncoder_1;
    PUSH0  // mstore v31 0.i256 i256;
    DUP2
    MSTORE
    DUP1  // v33.i256 = call %solencoder_h1b9228b90dad6928_abiencoder_hffd58d20d4321024_reserve_head v30 4.i256;
    PUSH1 0x4 (4)
    PUSH1 `pc + (4)`
    SWAP2
    PUSH1 FuncRef(34)
    JUMP
    JUMPDEST
    PUSH29 0x500000000000000000000000000000000000000000000000000000000 (134799733335753198973335075435098153368185722112702862405518051246080)  // mstore v33 134799733335753198973335075435098153368185722112702862405518051246080.i256 i256;
    DUP2
    MSTORE
    PUSH1 0x4 (4)  // v71.i256 = add v33 4.i256;
    DUP2
    ADD
    LT  // v72.i1 = lt v71 v33;
    PUSH1 section_unit0  // br v72 block11 block12;
    JUMPI
  block12:
    PUSH2 0x100 (256)  // v66.*@__fe_obj_tuple_0 = alloca @__fe_obj_tuple_0;
    DUP1  // call %solencoder_h1b9228b90dad6928_abiencoder_hffd58d20d4321024_finish v66 v30;
    SWAP2
    PUSH1 `pc + (4)`
    SWAP2
    PUSH1 FuncRef(36)
    JUMP
    JUMPDEST
    DUP1  // v39.i256 = mload v38 i256;
    MLOAD
    SWAP1  // v41.*i256 = gep v66 0.i256 1.i256;
    POP
    PUSH2 0x120 (288)
    MLOAD  // v42.i256 = mload v41 i256;
    PUSH0  // v43.i256 = evm_call 100000.i256 v18 0.i256 v39 v42 0.i256 0.i256;
    SWAP1
    PUSH0
    SWAP3
    PUSH0
    DUP6
    PUSH3 0x186a0 (100000)
    CALL
    RETURNDATASIZE  // v44.i256 = evm_return_data_size;
    DUP1  // v45.*i256 = evm_malloc v44;
    POP
    PUSH1 0x40 (64)
    MLOAD
    PUSH2 0x13f (319)
    DUP2
    GT
    PUSH1 `pc + (4)`
    JUMPI
    POP
    PUSH2 0x140 (320)
    JUMPDEST
    DUP2  // evm_return_data_copy v46 0.i256 v44;
    PUSH0
    DUP3
    RETURNDATACOPY
    SWAP2  // v47.i1 = eq v43 0.i256;
    PUSH0
    EQ
    ISZERO  // br v47 block13 block14;
    PUSH1 block14
    JUMPI
  block13:
    SWAP1  // evm_revert v46 v44;
    REVERT
  block14:
    JUMPDEST
    PUSH1 `pc + (4)`  // v48.i256 = call %decode_returndata__u256__3271ca15373d4483 v46 v44;
    SWAP2
    PUSH1 FuncRef(25)
    JUMP
    JUMPDEST
    PUSH0  // v25.i1 = eq v48 0.i256;
    EQ
    PUSH1 `pc + (4)`  // call %assert v25;
    SWAP1
    PUSH1 FuncRef(11)
    JUMP
    JUMPDEST
    PUSH1 0xa0 (160)  // v49.*@__fe_obj_SolEncoder_1 = alloca @__fe_obj_SolEncoder_1;
    PUSH0  // mstore v50 0.i256 i256;
    DUP2
    MSTORE
    DUP1  // v51.i256 = call %solencoder_h1b9228b90dad6928_abiencoder_hffd58d20d4321024_reserve_head v49 4.i256;
    PUSH1 0x4 (4)
    PUSH1 `pc + (4)`
    SWAP2
    PUSH1 FuncRef(34)
    JUMP
    JUMPDEST
    PUSH29 0x100000000000000000000000000000000000000000000000000000000 (26959946667150639794667015087019630673637144422540572481103610249216)  // mstore v51 26959946667150639794667015087019630673637144422540572481103610249216.i256 i256;
    DUP2
    MSTORE
    PUSH1 0x4 (4)  // v73.i256 = add v51 4.i256;
    DUP2
    ADD
    LT  // v74.i1 = lt v73 v51;
    PUSH1 section_unit0  // br v74 block17 block18;
    JUMPI
  block18:
    PUSH2 0x100 (256)  // v67.*@__fe_obj_tuple_0 = alloca @__fe_obj_tuple_0;
    DUP1  // call %solencoder_h1b9228b90dad6928_abiencoder_hffd58d20d4321024_finish v67 v49;
    SWAP2
    PUSH1 `pc + (4)`
    SWAP2
    PUSH1 FuncRef(36)
    JUMP
    JUMPDEST
    DUP1  // v57.i256 = mload v56 i256;
    MLOAD
    SWAP1  // v58.*i256 = gep v67 0.i256 1.i256;
    POP
    PUSH2 0x120 (288)
    MLOAD  // v59.i256 = mload v58 i256;
    PUSH0  // v60.i256 = evm_call 100000.i256 v18 0.i256 v57 v59 0.i256 0.i256;
    SWAP2
    PUSH0
    PUSH0
    SWAP5
    PUSH3 0x186a0 (100000)
    CALL
    RETURNDATASIZE  // v61.i256 = evm_return_data_size;
    DUP1  // v62.*i256 = evm_malloc v61;
    POP
    PUSH1 0x40 (64)
    MLOAD
    PUSH1 0x9f (159)
    DUP2
    GT
    PUSH1 `pc + (4)`
    JUMPI
    POP
    PUSH1 0xa0 (160)
    JUMPDEST
    DUP2  // evm_return_data_copy v63 0.i256 v61;
    PUSH0
    DUP3
    RETURNDATACOPY
    SWAP2  // v64.i1 = eq v60 0.i256;
    PUSH0
    EQ
    ISZERO  // br v64 block19 block20;
    PUSH1 block20
    JUMPI
  block19:
    SWAP1  // evm_revert v63 v61;
    REVERT
  block20:
    JUMPDEST
    PUSH1 `pc + (4)`  // v65.i256 = call %decode_returndata__u256__3271ca15373d4483 v63 v61;
    SWAP2
    PUSH1 FuncRef(25)
    JUMP
    JUMPDEST
    PUSH0  // v26.i1 = eq v65 0.i256;
    EQ
    PUSH1 `pc + (4)`  // call %assert v26;
    SWAP1
    PUSH1 FuncRef(11)
    JUMP
    JUMPDEST
    PUSH1 0x40 (64)  // mstore 64.i32 v76 i256;
    MSTORE
    JUMP  // return;
  block3:
    JUMPDEST
    RETURNDATASIZE  // v20.i256 = evm_return_data_size;
    DUP1  // v21.*i256 = evm_malloc v20;
    POP
    PUSH1 0x40 (64)
    MLOAD
    PUSH1 0x9f (159)
    DUP2
    GT
    PUSH1 `pc + (4)`
    JUMPI
    POP
    PUSH1 0xa0 (160)
    JUMPDEST
    DUP2  // evm_return_data_copy v22 0.i256 v20;
    PUSH0
    DUP3
    RETURNDATACOPY
    REVERT  // evm_revert v22 v20;

// func private %__Order_init()
__Order_init:
  block0:
    PUSH0 0x0 (0)  // v2.i256 = sym_addr &__Order_runtime;
    PUSH0 0x0 (0)  // v3.i256 = sym_size &__Order_runtime;
    PUSH0  // evm_sstore 0.i256 0.i256;
    PUSH0
    SSTORE
    DUP1  // evm_code_copy 0.i256 v2 v3;
    SWAP2
    PUSH0
    CODECOPY
    PUSH0  // evm_return 0.i256 v3;
    RETURN

// func private %__Order_runtime()
__Order_runtime:
  block0:
    CALLDATASIZE  // v25.i256 = evm_calldata_size;
    PUSH1 0x4 (4)  // v26.i1 = lt v25 4.i256;
    SWAP1
    LT
    PUSH1 block1  // br v26 block35 block36;
    JUMPI
  block36:
    PUSH0  // v27.i256 = evm_calldata_load 0.i256;
    CALLDATALOAD
    PUSH1 0xe0 (224)  // v29.i256 = shr 224.i256 v27;
    SHR
    PUSH1 0x1 (1)  // br_table v29 block1 (1.i256 block8) (2.i256 block13) (3.i256 block18) (4.i256 block23) (5.i256 block38);
    DUP2
    EQ
    PUSH1 block8
    JUMPI
    PUSH1 0x2 (2)
    DUP2
    EQ
    PUSH1 block13
    JUMPI
    PUSH1 0x3 (3)
    DUP2
    EQ
    PUSH1 block18
    JUMPI
    PUSH1 0x4 (4)
    DUP2
    EQ
    PUSH1 block23
    JUMPI
    PUSH1 0x5 (5)
    DUP2
    EQ
    PUSH1 block38
    JUMPI
  block1:
    JUMPDEST
    PUSH0  // evm_revert 0.i256 0.i256;
    PUSH0
    REVERT
  block8:
    JUMPDEST
    POP  // v13.i256 = evm_sload 0.i256;
    PUSH0
    SLOAD
    PUSH0  // br_table v13 block50 (0.i256 block9);
    DUP2
    EQ
    PUSH1 block9
    JUMPI
    PUSH1 block50
    JUMP
  block9:
    JUMPDEST
    POP  // evm_sstore 0.i256 1.i256;
    PUSH1 0x1 (1)
    PUSH0
    SSTORE
    PUSH0  // jump block7;
    PUSH1 block7
    JUMP
  block50:
    JUMPDEST
    POP  // jump block7;
    PUSH1 0x1 (1)
  block7:
    JUMPDEST
    PUSH1 FuncRef(19)  // call %return_value__Evm_hef0af3106e109414_Sol_hfd482bb803ad8c5f_u256__c4b26908c66ef75f v15;
    JUMP
    INVALID  // unreachable;
  block13:
    JUMPDEST
    POP  // v16.i256 = evm_sload 0.i256;
    PUSH0
    SLOAD
    PUSH1 0x1 (1)  // br_table v16 block51 (1.i256 block14);
    DUP2
    EQ
    PUSH1 block14
    JUMPI
    PUSH1 block51
    JUMP
  block14:
    JUMPDEST
    POP  // evm_sstore 0.i256 2.i256;
    PUSH1 0x2 (2)
    PUSH0
    SSTORE
    PUSH0  // jump block12;
    PUSH1 block12
    JUMP
  block51:
    JUMPDEST
    POP  // jump block12;
    PUSH1 0x1 (1)
  block12:
    JUMPDEST
    PUSH1 FuncRef(19)  // call %return_value__Evm_hef0af3106e109414_Sol_hfd482bb803ad8c5f_u256__c4b26908c66ef75f v18;
    JUMP
    INVALID  // unreachable;
  block18:
    JUMPDEST
    POP  // v19.i256 = evm_sload 0.i256;
    PUSH0
    SLOAD
    PUSH1 0x2 (2)  // br_table v19 block52 (2.i256 block19);
    DUP2
    EQ
    PUSH1 block19
    JUMPI
    PUSH1 block52
    JUMP
  block19:
    JUMPDEST
    POP  // evm_sstore 0.i256 3.i256;
    PUSH1 0x3 (3)
    PUSH0
    SSTORE
    PUSH0  // jump block17;
    PUSH1 block17
    JUMP
  block52:
    JUMPDEST
    POP  // jump block17;
    PUSH1 0x1 (1)
  block17:
    JUMPDEST
    PUSH1 FuncRef(19)  // call %return_value__Evm_hef0af3106e109414_Sol_hfd482bb803ad8c5f_u256__c4b26908c66ef75f v21;
    JUMP
    INVALID  // unreachable;
  block23:
    JUMPDEST
    POP  // v22.i256 = evm_sload 0.i256;
    PUSH0
    SLOAD
    PUSH0  // br_table v22 block53 (0.i256 block24) (1.i256 block25);
    DUP2
    EQ
    PUSH1 block24
    JUMPI
    PUSH1 0x1 (1)
    DUP2
    EQ
    PUSH1 block25
    JUMPI
    PUSH1 block53
    JUMP
  block24:
    JUMPDEST
    POP  // evm_sstore 0.i256 4.i256;
    PUSH1 0x4 (4)
    PUSH0
    SSTORE
    PUSH0  // jump block22;
    PUSH1 block22
    JUMP
  block25:
    JUMPDEST
    POP  // evm_sstore 0.i256 4.i256;
    PUSH1 0x4 (4)
    PUSH0
    SSTORE
    PUSH0  // jump block22;
    PUSH1 block22
    JUMP
  block53:
    JUMPDEST
    POP  // jump block22;
    PUSH1 0x1 (1)
  block22:
    JUMPDEST
    PUSH1 FuncRef(19)  // call %return_value__Evm_hef0af3106e109414_Sol_hfd482bb803ad8c5f_u256__c4b26908c66ef75f v24;
    JUMP
    INVALID  // unreachable;
  block38:
    JUMPDEST
    POP  // v31.i256 = evm_sload 0.i256;
    PUSH0
    SLOAD
    PUSH0  // br_table v31 block44 (0.i256 block54) (1.i256 block40) (2.i256 block41) (3.i256 block42) (4.i256 block43);
    DUP2
    EQ
    PUSH1 block54
    JUMPI
    PUSH1 0x1 (1)
    DUP2
    EQ
    PUSH1 block40
    JUMPI
    PUSH1 0x2 (2)
    DUP2
    EQ
    PUSH1 block41
    JUMPI
    PUSH1 0x3 (3)
    DUP2
    EQ
    PUSH1 block42
    JUMPI
    PUSH1 0x4 (4)
    DUP2
    EQ
    PUSH1 block43
    JUMPI
    PUSH1 block44
    JUMP
  block40:
    JUMPDEST
    POP  // jump block39;
    PUSH1 0x1 (1)
    PUSH1 block39
    JUMP
  block41:
    JUMPDEST
    POP  // jump block39;
    PUSH1 0x2 (2)
    PUSH1 block39
    JUMP
  block42:
    JUMPDEST
    POP  // jump block39;
    PUSH1 0x3 (3)
    PUSH1 block39
    JUMP
  block43:
    JUMPDEST
    POP  // jump block39;
    PUSH1 0x4 (4)
    PUSH1 block39
    JUMP
  block44:
    JUMPDEST
    INVALID  // evm_invalid;
  block54:
    JUMPDEST
    POP  // jump block39;
    PUSH0
  block39:
    JUMPDEST
    PUSH1 FuncRef(19)  // call %return_value__Evm_hef0af3106e109414_Sol_hfd482bb803ad8c5f_u256__c4b26908c66ef75f v32;
    JUMP
    INVALID  // unreachable;

// func private %assert(v0.i1)
assert:
  block0:
    JUMPDEST
    ISZERO
    PUSH1 section_unit0  // br v0 block2 block1;
    JUMPI
  block2:
    JUMPDEST
    JUMP  // return;

// func private %return_value__Evm_hef0af3106e109414_Sol_hfd482bb803ad8c5f_u256__c4b26908c66ef75f(v0.i256)
return_value__Evm_hef0af3106e109414_Sol_hfd482bb803ad8c5f_u256__c4b26908c66ef75f:
  block0:
    JUMPDEST
    PUSH1 0xa0 (160)  // v11.*@__fe_obj_SolEncoder_1 = alloca @__fe_obj_SolEncoder_1;
    PUSH0  // mstore v12 0.i256 i256;
    DUP2
    MSTORE
    DUP1  // v4.i256 = call %solencoder_h1b9228b90dad6928_abiencoder_hffd58d20d4321024_reserve_head v11 32.i256;
    PUSH1 0x20 (32)
    PUSH1 `pc + (4)`
    SWAP2
    PUSH1 FuncRef(34)
    JUMP
    JUMPDEST
    POP  // v16.*i256 = gep v11 0.i256 1.i256;
    DUP1
    POP
    PUSH1 0xc0 (192)
    MLOAD  // v17.i256 = mload v16 i256;
    SWAP2  // mstore v17 v0 i256;
    DUP3
    MSTORE
    PUSH1 0x20 (32)  // v25.i256 = add v17 32.i256;
    DUP3
    ADD
    SWAP1  // v26.i1 = lt v25 v17;
    SWAP2
    SWAP1
    LT
    PUSH1 section_unit0  // br v26 block8 block9;
    JUMPI
  block9:
    JUMPDEST
    PUSH2 0x100 (256)  // v23.*@__fe_obj_tuple_0 = alloca @__fe_obj_tuple_0;
    DUP1  // call %solencoder_h1b9228b90dad6928_abiencoder_hffd58d20d4321024_finish v23 v11;
    SWAP2
    PUSH1 `pc + (4)`
    SWAP2
    PUSH1 FuncRef(36)
    JUMP
    JUMPDEST
    DUP1  // v8.i256 = mload v7 i256;
    MLOAD
    SWAP1  // v10.*i256 = gep v23 0.i256 1.i256;
    POP
    PUSH2 0x120 (288)
    MLOAD  // v11.i256 = mload v10 i256;
    SWAP1  // evm_return v8 v11;
    RETURN

// func private %decode_returndata__u256__3271ca15373d4483(v0.i256, v1.i256) -> i256
decode_returndata__u256__3271ca15373d4483:
  block0:
    JUMPDEST
    PUSH1 0x20 (32)  // v11.i1 = lt v1 32.i256;
    DUP3
    LT
    PUSH1 section_unit0  // br v11 block1 block11;
    JUMPI
  block11:
    JUMPDEST
    SWAP1  // v51.i1 = gt 32.i256 v1;
    PUSH1 0x20 (32)
    GT
    PUSH1 section_unit0  // br v51 block5 block8;
    JUMPI
  block8:
    MLOAD  // v56.i256 = mload v0 i256;
    SWAP1  // return v56;
    JUMP

// func private %solencoder_h1b9228b90dad6928_abiencoder_hffd58d20d4321024_reserve_head(v0.*@__fe_obj_SolEncoder_1, v1.i256) -> i256
solencoder_h1b9228b90dad6928_abiencoder_hffd58d20d4321024_reserve_head:
  block0:
    JUMPDEST
    DUP1  // v4.i256 = mload v3 i256;
    MLOAD
    PUSH0  // v17.i1 = eq v4 0.i256;
    EQ
    ISZERO  // br v17 block1 block6;
    PUSH1 block6
    JUMPI
  block1:
    DUP2  // v7.*i256 = evm_malloc v1;
    PUSH1 0x1f (31)
    ADD
    PUSH1 0x1f (31)
    NOT
    AND
    PUSH1 0x40 (64)
    MLOAD
    PUSH2 0x13f (319)
    DUP2
    GT
    PUSH1 `pc + (4)`
    JUMPI
    POP
    PUSH2 0x140 (320)
    JUMPDEST
    DUP1
    SWAP2
    ADD
    PUSH1 0x40 (64)
    MSTORE
    DUP1  // mstore v3 v8 i256;
    DUP3
    MSTORE
    DUP2  // v12.*i256 = gep v0 0.i256 1.i256;
    PUSH1 0x20 (32)
    ADD
    DUP2  // mstore v12 v8 i256;
    SWAP1
    MSTORE
    SWAP2  // v21.i256 = add v8 v1;
    DUP3
    ADD
    SWAP2  // v22.i1 = lt v21 v8;
    DUP3
    LT
    PUSH1 section_unit0  // br v22 block3 block4;
    JUMPI
  block4:
    JUMPDEST
    DUP1  // v17.*i256 = gep v0 0.i256 2.i256;
    PUSH1 0x40 (64)
    ADD
    SWAP1  // mstore v17 v21 i256;
    SWAP2
    SWAP1
    MSTORE
    PUSH1 block2  // jump block2;
    JUMP
  block6:
    JUMPDEST
    SWAP1  // jump block2;
    POP
  block2:
    JUMPDEST
    MLOAD  // v20.i256 = mload v3 i256;
    SWAP1  // return v20;
    JUMP

// func private %solencoder_h1b9228b90dad6928_abiencoder_hffd58d20d4321024_finish(v50.*@__fe_obj_tuple_0, v0.*@__fe_obj_SolEncoder_1)
solencoder_h1b9228b90dad6928_abiencoder_hffd58d20d4321024_finish:
  block0:
    JUMPDEST
    DUP2  // v46.*i256 = gep v0 0.i256 2.i256;
    PUSH1 0x40 (64)
    ADD
    MLOAD  // v47.i256 = mload v46 i256;
    SWAP2  // v43.i256 = mload v42 i256;
    MLOAD
    DUP1  // v51.i256 = sub v47 v43;
    DUP4
    SUB
    SWAP1  // v52.i1 = lt v47 v43;
    DUP1
    SWAP4
    LT
    PUSH1 section_unit0  // br v52 block1 block2;
    JUMPI
  block2:
    JUMPDEST
    SWAP2  // mstore v11 v43 i256;
    DUP2
    MSTORE
    PUSH1 0x20 (32)  // v13.*i256 = gep v50 0.i256 1.i256;
    ADD
    MSTORE  // mstore v13 v51 i256;
    JUMP  // return;

// func public %entry()
entry:
  block0:
    PUSH1 `pc + (3)`  // call %test_order_initial_state__StorPtr_Evm___207f35a85ac4062e;
    PUSH1 FuncRef(0)
    JUMP
    JUMPDEST
    PUSH1 0x1 (1)  // mstore 0.i256 1.i256 i256;
    PUSH0
    MSTORE
    PUSH1 0x20 (32)  // evm_return 0.i256 32.i256;
    PUSH0
    RETURN

// synthetic section unit
__evm_shared_tail_0:
  block0:
    JUMPDEST
    PUSH0
    PUSH0
    REVERT
