---
source: crates/codegen/tests/evm.rs
expression: "String::from_utf8(out).unwrap()"
input_file: test_files/evm/fe_hash2_repro_loop_direct_const_unoptimized.sntn
---
evm.config: stack_reach=16 vcode=true bytecode_hex=false stackify_trace=true evm_trace=false emit_observability=false opt=2

object: Contract
  section runtime: 133 bytes
  total: 133 bytes

functions:
  __repro_runtime_entry: ir_blocks=6 ir_insts=34 vcode_ops=55 fixups=5 imm_bytes=11
    mem: scratch_words=3 stable_words=0 stable_mode=None entry_abs_words=3 abs_words_end=3

evm:
  case ok: calldata_len=0 success reason=Return gas_used=21215 gas_refunded=0 logs=0 output=call len=0 tx_gas=21000 runtime_gas=215


--------------- DEBUG ---------------

// func private %__repro_runtime_entry()
  block0 P=[] T=[]
    // v1.*[i256; 1] = alloca [i256; 1];
    - stack=[]
      alloca [] -> v1
    // v2.i256 = sym_addr $__fe_const_data_0;
    - stack=[v1]
      sym_addr [] -> v2
    // v3.*[i256; 1] = int_to_ptr v2 *[i256; 1];
    - stack=[v2, v1]
      int_to_ptr [v2] -> v2
    // v4.*i256 = bitcast v3 *i256;
    - stack=[v2, v1]
      bitcast [v2] -> v2
    // v5.i256 = ptr_to_int v4 i256;
    - stack=[v2, v1]
      ptr_to_int [v2] -> v2
    // v6.*i256 = alloca i256;
    - stack=[v2, v1]
      alloca [] -> v6
    // v7.i256 = ptr_to_int v6 i256;
    - stack=[v6, v2, v1]
      ptr_to_int [v6] -> v6
    // evm_code_copy v7 v5 32.i256;
    - stack=[v6, v2, v1], last_use=[v2]
      pre: [PUSH(32), SWAP1, SWAP2, DUP3]
      evm_code_copy [v6, v2, 32]
    // v9.i256 = mload v7 i256;
    - stack=[v6, v1], last_use=[v6]
      mload [v6] -> v9
    // v10.*i256 = bitcast v1 *i256;
    - stack=[v9, v1]
      bitcast [v1] -> v1
    // mstore v10 v9 i256;
    - stack=[v9, v1], last_use=[v9]
      pre: [DUP2]
      mstore [v1, v9]
    // v11.i256 = sym_addr $__fe_const_data_1;
    - stack=[v1]
      sym_addr [] -> v11
    // v12.*[i256; 1] = int_to_ptr v11 *[i256; 1];
    - stack=[v11, v1]
      int_to_ptr [v11] -> v11
    // v13.*i256 = bitcast v12 *i256;
    - stack=[v11, v1]
      bitcast [v11] -> v11
    // v14.i256 = ptr_to_int v13 i256;
    - stack=[v11, v1]
      ptr_to_int [v11] -> v11
    // jump block3;
    - stack=[v11, v1]
      exit(block3): [PUSH(0), SWAP1, SWAP2]
      jump -> block3
  block3 P=[v34, v18] T=[v11]
    // v20.i1 = lt v18 1.i256;
    - stack=[v34, v18, v11]
      pre: [PUSH(1), DUP3]
      lt [v18, 1] -> v20
    // br v20 block4 block5;
    - stack=[v20, v34, v18, v11]
      br [v20] -> [block4, block5]
  block4 P=[] T=[v18, v11]
    inherited from block3: [v34x, v18, v11]
    prologue: [POP]
    // v21.*[i256; 1] = alloca [i256; 1];
    - stack=[v18, v11]
      alloca [] -> v21
    // v22.*i256 = alloca i256;
    - stack=[v21, v18, v11]
      alloca [] -> v22
    // v23.i256 = ptr_to_int v22 i256;
    - stack=[v22, v21, v18, v11]
      ptr_to_int [v22] -> v22
    // evm_code_copy v23 v14 32.i256;
    - stack=[v22, v21, v18, v11]
      pre: [PUSH(32), DUP5, DUP3]
      evm_code_copy [v22, v11, 32]
    // v24.i256 = mload v23 i256;
    - stack=[v22, v21, v18, v11], last_use=[v22]
      mload [v22] -> v24
    // v25.*i256 = bitcast v21 *i256;
    - stack=[v24, v21, v18, v11]
      bitcast [v21] -> v21
    // mstore v25 v24 i256;
    - stack=[v24, v21, v18, v11], last_use=[v24]
      pre: [DUP2]
      mstore [v21, v24]
    // v26.i256 = add 1.i256 v18;
    - stack=[v21, v18, v11], last_use=[v18]
      pre: [SWAP1, PUSH(1)]
      add [1, v18] -> v26
    // jump block3;
    - stack=[v26, v21, v11]
      exit(block3): [SWAP1]
      jump -> block3
  block5 P=[] T=[v34]
    inherited from block3: [v34, v18x, v11x]
    // v28.i256 = mload v34 i256;
    - stack=[v34, v18x, v11x], last_use=[v34]
      cleanup: [SWAP2, POP, POP]
      mload [v34] -> v28
    // v30.i1 = eq 2.i256 v28;
    - stack=[v28], last_use=[v28]
      pre: [PUSH(2)]
      eq [2, v28] -> v30
    // br v30 block1 block6;
    - stack=[v30]
      br [v30] -> [block1, block6]
  block1 P=[] T=[]
    // evm_return 0.i256 0.i256;
    - stack=[]
      pre: [PUSH(0), PUSH(0)]
      evm_return [0, 0]
  block6 P=[] T=[]
    // evm_revert 0.i256 0.i256;
    - stack=[]
      pre: [PUSH(0), PUSH(0)]
      evm_revert [0, 0]

// func private %__repro_runtime_entry()
__repro_runtime_entry:
  block0:
    PUSH1 0xa0 (160)  // v1.*[i256; 1] = alloca [i256; 1];
    PUSH0 0x0 (0)  // v2.i256 = sym_addr $__fe_const_data_0;
    PUSH1 0xc0 (192)  // v6.*i256 = alloca i256;
    PUSH1 0x20 (32)  // evm_code_copy v7 v5 32.i256;
    SWAP1
    SWAP2
    DUP3
    CODECOPY
    MLOAD  // v9.i256 = mload v7 i256;
    DUP2  // mstore v10 v9 i256;
    MSTORE
    PUSH0 0x0 (0)  // v11.i256 = sym_addr $__fe_const_data_1;
    PUSH0  // jump block3;
    SWAP1
    SWAP2
  block3:
    JUMPDEST
    PUSH1 0x1 (1)  // v20.i1 = lt v18 1.i256;
    DUP3
    LT
    ISZERO  // br v20 block4 block5;
    PUSH1 block5
    JUMPI
  block4:
    POP  // v21.*[i256; 1] = alloca [i256; 1];
    PUSH1 0xc0 (192)
    PUSH1 0xe0 (224)  // v22.*i256 = alloca i256;
    PUSH1 0x20 (32)  // evm_code_copy v23 v14 32.i256;
    DUP5
    DUP3
    CODECOPY
    MLOAD  // v24.i256 = mload v23 i256;
    DUP2  // mstore v25 v24 i256;
    MSTORE
    SWAP1  // v26.i256 = add 1.i256 v18;
    PUSH1 0x1 (1)
    ADD
    SWAP1  // jump block3;
    PUSH1 block3
    JUMP
  block5:
    JUMPDEST
    SWAP2  // v28.i256 = mload v34 i256;
    POP
    POP
    MLOAD
    PUSH1 0x2 (2)  // v30.i1 = eq 2.i256 v28;
    EQ
    ISZERO  // br v30 block1 block6;
    PUSH1 block6
    JUMPI
  block1:
    PUSH0  // evm_return 0.i256 0.i256;
    PUSH0
    RETURN
  block6:
    JUMPDEST
    PUSH0  // evm_revert 0.i256 0.i256;
    PUSH0
    REVERT
