---
source: crates/codegen/tests/evm.rs
expression: opt_ir_snapshot
input_file: test_files/evm/fenew.sntn
---
target = "evm-ethereum-osaka"

type @__fe_obj_tuple_0 = {i256, i256};
type @__fe_obj_SolEncoder_1 = {i256, i256, i256};
type @__fe_obj_MemoryBytes_2 = {i256, i256};
type @__fe_obj_Cursor_3 = {@__fe_obj_MemoryBytes_2, i256};
type @__fe_obj_SolDecoder_4 = {@__fe_obj_Cursor_3, i256};

func private %test_counter__StorPtr_Evm___207f35a85ac4062e() {
    block0:
        v9.i256 = sym_size &__Counter_init;
        v10.i256 = sym_addr &__Counter_init;
        v13.*i8 = evm_malloc v9;
        v14.i256 = ptr_to_int v13 i256;
        evm_code_copy v14 v10 v9;
        (v15.i256, v16.i1) = uaddo v14 v9;
        br v16 block5 block8;

    block3:
        v21.i256 = evm_return_data_size;
        v22.*i8 = evm_malloc v21;
        v23.i256 = ptr_to_int v22 i256;
        evm_return_data_copy v23 0.i256 v21;
        evm_revert v23 v21;

    block5:
        evm_revert 0.i256 0.i256;

    block8:
        v19.i256 = evm_create2 0.i256 v14 v9 0.i256;
        v20.i1 = eq v19 0.i256;
        br v20 block3 block1;

    block1:
        call %assert 1.i1;
        v5.i256 = call %evm_hef0af3106e109414_call_h2e84dd1b94aea876_call_stor_arg0_root_stor__Get_h3927684624c88c53__624197e0d5a47bbd v19 100000.i256 0.i256;
        v26.i1 = eq v5 0.i256;
        call %assert v26;
        v36.*i8 = evm_malloc 4.i256;
        v37.i256 = ptr_to_int v36 i256;
        mstore v37 -21432072031172259149098304932151112453092825142662437103785846030156425068544.i256 i256;
        (v38.i256, v39.i1) = uaddo v37 4.i256;
        br v39 block12 block13;

    block12:
        evm_revert 0.i256 0.i256;

    block13:
        v47.i256 = evm_call 100000.i256 v19 0.i256 v37 4.i256 0.i256 0.i256;
        v48.i256 = evm_return_data_size;
        v49.*i8 = evm_malloc v48;
        v50.i256 = ptr_to_int v49 i256;
        evm_return_data_copy v50 0.i256 v48;
        v51.i1 = is_zero v47;
        br v51 block15 block16;

    block15:
        evm_revert v50 v48;

    block16:
        v52.objref<@__fe_obj_MemoryBytes_2> = obj.alloc @__fe_obj_MemoryBytes_2;
        v53.objref<i256> = obj.proj v52 0.i256;
        obj.store v53 v50;
        v54.objref<i256> = obj.proj v52 1.i256;
        obj.store v54 v48;
        v55.objref<@__fe_obj_SolDecoder_4> = call %soldecoder_i__ha12a03fcb5ba844b_new__MemoryBytes_h1e381015a9b0111b__59e0d528d54cca1b v52;
        v7.i256 = call %evm_hef0af3106e109414_call_h2e84dd1b94aea876_call_stor_arg0_root_stor__Get_h3927684624c88c53__624197e0d5a47bbd v19 100000.i256 0.i256;
        v27.i1 = eq v7 1.i256;
        call %assert v27;
        return;
}

func private %__Counter_init() {
    block0:
        v0.i256 = evm_call_value;
        v2.i1 = is_zero v0;
        br v2 block2 block1;

    block1:
        evm_revert 0.i256 0.i256;

    block2:
        v4.i256 = sym_addr &__Counter_runtime;
        v5.i256 = sym_size &__Counter_runtime;
        evm_code_copy 0.i256 v4 v5;
        evm_return 0.i256 v5;
}

func private %__Counter_runtime() {
    block0:
        v12.i256 = evm_calldata_size;
        v16.i1 = lt v12 4.i256;
        br v16 block14 block15;

    block14:
        evm_revert 0.i256 0.i256;

    block15:
        v19.i256 = evm_calldata_load 0.i256;
        v21.i256 = shr 224.i256 v19;
        v22.i32 = trunc v21 i32;
        br_table v22 block1 (-794959734.i32 block2) (1833756220.i32 block5);

    block1:
        evm_revert 0.i256 0.i256;

    block2:
        v5.i256 = evm_call_value;
        v6.i1 = eq v5 0.i256;
        br v6 block17 block3;

    block3:
        evm_revert 0.i256 0.i256;

    block17:
        v23.i256 = evm_sload 0.i256;
        (v25.i256, v26.i1) = uaddo v23 1.i256;
        br v26 block18 block19;

    block18:
        evm_revert 0.i256 0.i256;

    block19:
        evm_sstore 0.i256 v25;
        evm_return 0.i256 0.i256;

    block5:
        v9.i256 = evm_call_value;
        v10.i1 = eq v9 0.i256;
        br v10 block7 block6;

    block6:
        evm_revert 0.i256 0.i256;

    block7:
        v27.i256 = evm_sload 0.i256;
        mstore 0.i256 v27 i256;
        evm_return 0.i256 32.i256;
}

func private %assert(v0.i1) {
    block0:
        br v0 block2 block1;

    block1:
        evm_revert 0.i256 0.i256;

    block2:
        return;
}

func private %evm_hef0af3106e109414_call_h2e84dd1b94aea876_call_stor_arg0_root_stor__Get_h3927684624c88c53__624197e0d5a47bbd(v0.i256, v1.i256, v2.i256) -> i256 {
    block0:
        v24.*i8 = evm_malloc 4.i256;
        v25.i256 = ptr_to_int v24 i256;
        mstore v25 49437969891755755400450161744656089009884903607872082989584577758955590123520.i256 i256;
        (v26.i256, v27.i1) = uaddo v25 4.i256;
        br v27 block5 block6;

    block5:
        evm_revert 0.i256 0.i256;

    block6:
        v13.i256 = evm_call v1 v0 v2 v25 4.i256 0.i256 0.i256;
        v14.i256 = evm_return_data_size;
        v15.*i8 = evm_malloc v14;
        v16.i256 = ptr_to_int v15 i256;
        evm_return_data_copy v16 0.i256 v14;
        v17.i1 = is_zero v13;
        br v17 block1 block8;

    block1:
        evm_revert v16 v14;

    block8:
        v32.i1 = lt v14 32.i256;
        br v32 block9 block10;

    block9:
        evm_revert 0.i256 0.i256;

    block10:
        v33.objref<@__fe_obj_MemoryBytes_2> = obj.alloc @__fe_obj_MemoryBytes_2;
        v34.objref<i256> = obj.proj v33 0.i256;
        obj.store v34 v16;
        v35.objref<i256> = obj.proj v33 1.i256;
        obj.store v35 v14;
        v36.objref<@__fe_obj_SolDecoder_4> = call %soldecoder_i__ha12a03fcb5ba844b_new__MemoryBytes_h1e381015a9b0111b__59e0d528d54cca1b v33;
        v37.objref<@__fe_obj_Cursor_3> = obj.proj v36 0.i256;
        v38.objref<@__fe_obj_MemoryBytes_2> = obj.proj v37 0.i256;
        v39.objref<i256> = obj.proj v38 1.i256;
        v40.i256 = obj.load v39;
        v41.objref<i256> = obj.proj v37 1.i256;
        v42.i256 = obj.load v41;
        v43.i256 = add 32.i256 v42;
        v44.i1 = gt v43 v40;
        br v44 block11 block12;

    block11:
        evm_revert 0.i256 0.i256;

    block12:
        v45.i256 = obj.load v41;
        v46.objref<i256> = obj.proj v38 0.i256;
        v47.i256 = obj.load v46;
        v48.i256 = add v45 v47;
        v49.i256 = mload v48 i256;
        return v49;
}

func private %soldecoder_i__ha12a03fcb5ba844b_new__MemoryBytes_h1e381015a9b0111b__59e0d528d54cca1b(v0.objref<@__fe_obj_MemoryBytes_2>) -> objref<@__fe_obj_SolDecoder_4> {
    block0:
        v54.objref<i256> = obj.proj v0 1.i64;
        v55.i256 = obj.load v54;
        v52.objref<i256> = obj.proj v0 0.i64;
        v53.i256 = obj.load v52;
        v2.objref<@__fe_obj_SolDecoder_4> = obj.alloc @__fe_obj_SolDecoder_4;
        v7.objref<@__fe_obj_Cursor_3> = obj.proj v2 0.i256;
        v8.objref<@__fe_obj_MemoryBytes_2> = obj.proj v7 0.i256;
        v9.objref<i256> = obj.proj v8 0.i256;
        obj.store v9 v53;
        v16.objref<i256> = obj.proj v8 1.i256;
        obj.store v16 v55;
        v20.objref<i256> = obj.proj v7 1.i256;
        obj.store v20 0.i256;
        v21.objref<i256> = obj.proj v2 1.i256;
        obj.store v21 0.i256;
        return v2;
}

func public %entry() {
    block0:
        call %test_counter__StorPtr_Evm___207f35a85ac4062e;
        mstore 0.i256 1.i256 i256;
        evm_return 0.i256 32.i256;
}


object @Contract {
    section runtime {
        entry %entry;
        embed @Counter.init as &__Counter_init;
    }
}

object @Counter {
    section init {
        entry %__Counter_init;
        embed .runtime as &__Counter_runtime;
    }
    section runtime {
        entry %__Counter_runtime;
    }
}
